64
updqwljik
xlulkhxdr
inqtmpyzpp
cyuwunvp
jntjqfrijo
uht
rzj
vuqsfheoy
itliupqvp
iffs
qjmd
lvdl
gth
tuczz
zibyh
qpb
bwxjcl
qxheejrydd
absffq
ltpymvxd
ojyybztvp
owtcc
adeegueyl
lfg
zxkalp
sgph
jvsynsc
durfgvv
nbazfbynx
fhiypcj
ticxzpws
twwzo
xrm
wrn
nepaggb
ybjeygb
gxefzii
duz
knrri
ourptc
rthijmia
hbzmgoe
ewclzx
drlwiofdp
bhmfcsrc
auwm
mcjdshmdin
kasrna
yld
ggsb
puuga
welxup
dbdicid
iazwvyyy
dvek
doasnoxbq
oeexrlon
lyhn
rcynqbf
thhhoma
opwghysbn
pffv
uttk
uzmql